###############################################################################
#
# IAR ELF Linker V9.20.1.318/W64 for ARM                  03/May/2023  16:07:01
# Copyright 2007-2021 IAR Systems AB.
#
#    Output file  =  E:\IAR projects\STM32F4xx\USART\Debug\Exe\UART SPL.out
#    Map file     =  E:\IAR projects\STM32F4xx\USART\Debug\List\UART SPL.map
#    Command line =
#        -f "E:\IAR projects\STM32F4xx\USART\Debug\Exe\UART SPL.out.rsp"
#        ("E:\IAR projects\STM32F4xx\USART\Debug\Obj\Source\Init.o" "E:\IAR
#        projects\STM32F4xx\USART\Debug\Obj\Source\main.o" "E:\IAR
#        projects\STM32F4xx\USART\Debug\Obj\Config\startup_stm32f40_41xxx.o"
#        "E:\IAR
#        projects\STM32F4xx\USART\Debug\Obj\Libraries\STM32F4xx_StdPeriph_Driver\src\stm32f4xx_flash.o"
#        "E:\IAR
#        projects\STM32F4xx\USART\Debug\Obj\Libraries\STM32F4xx_StdPeriph_Driver\src\stm32f4xx_gpio.o"
#        "E:\IAR
#        projects\STM32F4xx\USART\Debug\Obj\Libraries\STM32F4xx_StdPeriph_Driver\src\stm32f4xx_rcc.o"
#        "E:\IAR
#        projects\STM32F4xx\USART\Debug\Obj\Libraries\STM32F4xx_StdPeriph_Driver\src\stm32f4xx_usart.o"
#        "E:\IAR projects\STM32F4xx\USART\Debug\Obj\Config\Sys_Init.o" "E:\IAR
#        projects\STM32F4xx\USART\Debug\Obj\Config\system_stm32f4xx.o" "E:\IAR
#        projects\STM32F4xx\USART\Debug\Obj\Libraries\USART\USART.o"
#        --no_out_extension -o "E:\IAR projects\STM32F4xx\USART\Debug\Exe\UART
#        SPL.out" --redirect _Printf=_PrintfFullNoMb --redirect
#        _Scanf=_ScanfFullNoMb --map "E:\IAR
#        projects\STM32F4xx\USART\Debug\List\UART SPL.map" --config "C:\Program
#        Files (x86)\IAR Systems\Embedded Workbench
#        9.0\arm\config\linker\ST\stm32f407xG.icf" --semihosting --entry
#        __iar_program_start --vfe --text_out locale)
#
###############################################################################

*******************************************************************************
*** RUNTIME MODEL ATTRIBUTES
***

CppFlavor       = *
__CPP_Runtime   = 1
__Heap_Handler  = NoFree
__SystemLibrary = DLib
__dlib_version  = 6


*******************************************************************************
*** HEAP SELECTION
***

The no free heap was selected because no calls to memory
deallocation functions were found in the application.


*******************************************************************************
*** PLACEMENT SUMMARY
***

"A0":  place at address 0x800'0000 { ro section .intvec };
"P1":  place in [from 0x800'0000 to 0x80f'ffff] { ro };
define block CSTACK with size = 8K, alignment = 8 { };
define block HEAP with size = 8K, alignment = 8 { };
"P4":  place in [from 0x2000'0000 to 0x2001'bfff] |
                [from 0x2001'c000 to 0x2001'ffff] {
          rw, block CSTACK, block HEAP };
initialize by copy { rw };

No sections matched the following patterns:

  ro section application_specific_ro  in "P2"
  section .backup_sram                in "P5"
  section .ccram                      in "P3"


  Section            Kind         Address    Size  Object
  -------            ----         -------    ----  ------
"A0":                                       0x188
  .intvec            ro code   0x800'0000   0x188  startup_stm32f40_41xxx.o [1]
                             - 0x800'0188   0x188

"P1":                                      0x2f70
  .text              ro code   0x800'0188   0xf12  xprintffull_nomb.o [5]
  .text              ro code   0x800'109a    0x2a  copy_init3.o [7]
  .text              ro code   0x800'10c4    0x16  strchr.o [7]
  .text              ro code   0x800'10dc    0x40  xfail_s.o [5]
  .text              ro code   0x800'111c    0x36  strlen.o [7]
  .text              ro code   0x800'1154    0x58  memchr.o [7]
  .text              ro code   0x800'11ac    0xa6  ABImemcpy.o [7]
  .text              ro code   0x800'1254    0x70  frexp.o [6]
  .text              ro code   0x800'12c4    0x34  DblCmpLe.o [6]
  .text              ro code   0x800'12f8    0x34  DblCmpGe.o [6]
  .text              ro code   0x800'132c   0x13a  ldexp.o [6]
  .text              ro code   0x800'1468    0x36  DblToS32.o [6]
  .text              ro code   0x800'14a0    0x22  S32ToDbl.o [6]
  .text              ro code   0x800'14c4   0x24e  DblAddSub.o [6]
  .text              ro code   0x800'1714   0x246  DblDiv.o [6]
  .text              ro code   0x800'195c    0x22  DblToU32.o [6]
  .text              ro code   0x800'1980    0x1c  U32ToDbl.o [6]
  .text              ro code   0x800'199c   0x1aa  DblMul.o [6]
  .text              ro code   0x800'1b48   0x230  I64DivMod.o [7]
  .text              ro code   0x800'1d78     0x6  abort.o [5]
  .text              ro code   0x800'1d80     0x2  I64DivZer.o [7]
  .text              ro code   0x800'1d84    0x14  exit.o [8]
  .text              ro code   0x800'1d98    0x7c  iarttio.o [8]
  .text              ro code   0x800'1e14     0x8  XShttio.o [5]
  .text              ro code   0x800'1e1c   0x4b0  USART.o [3]
  .text              ro code   0x800'22cc   0x26a  stm32f4xx_usart.o [2]
  .text              ro code   0x800'2538    0x78  no_free_heap0.o [5]
  .text              ro code   0x800'25b0    0x66  ABImemset.o [7]
  .text              ro code   0x800'2618   0x304  stm32f4xx_rcc.o [2]
  .text              ro code   0x800'291c    0x2c  xgetmemchunk.o [5]
  .text              ro code   0x800'2948    0x12  xxmemxmemzero.o [5]
  .text              ro code   0x800'295c   0x12c  stm32f4xx_gpio.o [2]
  .text              ro code   0x800'2a88    0xcc  system_stm32f4xx.o [1]
  .text              ro code   0x800'2b54    0xb0  main.o [4]
  .text              ro code   0x800'2c04    0x7c  Sys_Init.o [1]
  .text              ro code   0x800'2c80    0xa4  Init.o [4]
  .text              ro code   0x800'2d24    0x28  printf.o [5]
  .text              ro code   0x800'2d4c    0x30  stm32f4xx_flash.o [2]
  .text              ro code   0x800'2d7c    0x38  zero_init3.o [7]
  .text              ro code   0x800'2db4    0x28  data_init.o [7]
  .text              ro code   0x800'2ddc    0x22  fpinit_M.o [6]
  .text              ro code   0x800'2dfe    0x22  iarwrite.o [8]
  .iar.init_table    const     0x800'2e20    0x24  - Linker created -
  .text              ro code   0x800'2e44    0x20  putchar.o [5]
  .text              ro code   0x800'2e64    0x10  write.o [8]
  .text              ro code   0x800'2e74    0x1e  dwrite.o [8]
  .text              ro code   0x800'2e92    0x20  iarwstd.o [8]
  .text              ro code   0x800'2eb4    0x1e  cmain.o [7]
  .text              ro code   0x800'2ed2     0x4  low_level_init.o [5]
  .text              ro code   0x800'2ed6     0x4  exit.o [5]
  .text              ro code   0x800'2edc     0xa  cexit.o [7]
  .text              ro code   0x800'2ee8    0x1c  cstartup_M.o [7]
  .text              ro code   0x800'2f04    0x16  xprout.o [5]
  .rodata            const     0x800'2f1c    0x10  main.o [4]
  .rodata            const     0x800'2f2c    0x10  main.o [4]
  .rodata            const     0x800'2f3c    0x10  system_stm32f4xx.o [1]
  .text              ro code   0x800'2f4c    0x10  startup_stm32f40_41xxx.o [1]
  .rodata            const     0x800'2f5c     0xc  main.o [4]
  .rodata            const     0x800'2f68     0xc  main.o [4]
  .text              ro code   0x800'2f74     0x4  startup_stm32f40_41xxx.o [1]
  .text              ro code   0x800'2f78     0x4  startup_stm32f40_41xxx.o [1]
  .text              ro code   0x800'2f7c     0x4  startup_stm32f40_41xxx.o [1]
  .text              ro code   0x800'2f80     0x4  startup_stm32f40_41xxx.o [1]
  .text              ro code   0x800'2f84     0x4  startup_stm32f40_41xxx.o [1]
  .text              ro code   0x800'2f88     0x4  startup_stm32f40_41xxx.o [1]
  .text              ro code   0x800'2f8c     0x4  startup_stm32f40_41xxx.o [1]
  .text              ro code   0x800'2f90     0x4  startup_stm32f40_41xxx.o [1]
  .text              ro code   0x800'2f94     0x4  startup_stm32f40_41xxx.o [1]
  .text              ro code   0x800'2f98     0x4  startup_stm32f40_41xxx.o [1]
  .text              ro code   0x800'2f9c     0x4  startup_stm32f40_41xxx.o [1]
  .text              ro code   0x800'2fa0     0x4  startup_stm32f40_41xxx.o [1]
  .text              ro code   0x800'2fa4     0x4  startup_stm32f40_41xxx.o [1]
  .text              ro code   0x800'2fa8     0x4  startup_stm32f40_41xxx.o [1]
  .text              ro code   0x800'2fac     0x4  startup_stm32f40_41xxx.o [1]
  .text              ro code   0x800'2fb0     0x4  startup_stm32f40_41xxx.o [1]
  .text              ro code   0x800'2fb4     0x4  startup_stm32f40_41xxx.o [1]
  .text              ro code   0x800'2fb8     0x4  startup_stm32f40_41xxx.o [1]
  .text              ro code   0x800'2fbc     0x4  startup_stm32f40_41xxx.o [1]
  .text              ro code   0x800'2fc0     0x4  startup_stm32f40_41xxx.o [1]
  .text              ro code   0x800'2fc4     0x4  startup_stm32f40_41xxx.o [1]
  .text              ro code   0x800'2fc8     0x4  startup_stm32f40_41xxx.o [1]
  .text              ro code   0x800'2fcc     0x4  startup_stm32f40_41xxx.o [1]
  .text              ro code   0x800'2fd0     0x4  startup_stm32f40_41xxx.o [1]
  .text              ro code   0x800'2fd4     0x4  startup_stm32f40_41xxx.o [1]
  .text              ro code   0x800'2fd8     0x4  startup_stm32f40_41xxx.o [1]
  .text              ro code   0x800'2fdc     0x4  startup_stm32f40_41xxx.o [1]
  .text              ro code   0x800'2fe0     0x4  startup_stm32f40_41xxx.o [1]
  .text              ro code   0x800'2fe4     0x4  startup_stm32f40_41xxx.o [1]
  .text              ro code   0x800'2fe8     0x4  startup_stm32f40_41xxx.o [1]
  .text              ro code   0x800'2fec     0x4  startup_stm32f40_41xxx.o [1]
  .text              ro code   0x800'2ff0     0x4  startup_stm32f40_41xxx.o [1]
  .text              ro code   0x800'2ff4     0x4  startup_stm32f40_41xxx.o [1]
  .text              ro code   0x800'2ff8     0x4  startup_stm32f40_41xxx.o [1]
  .text              ro code   0x800'2ffc     0x4  startup_stm32f40_41xxx.o [1]
  .text              ro code   0x800'3000     0x4  startup_stm32f40_41xxx.o [1]
  .text              ro code   0x800'3004     0x4  startup_stm32f40_41xxx.o [1]
  .text              ro code   0x800'3008     0x4  startup_stm32f40_41xxx.o [1]
  .text              ro code   0x800'300c     0x4  startup_stm32f40_41xxx.o [1]
  .text              ro code   0x800'3010     0x4  startup_stm32f40_41xxx.o [1]
  .text              ro code   0x800'3014     0x4  startup_stm32f40_41xxx.o [1]
  .text              ro code   0x800'3018     0x4  startup_stm32f40_41xxx.o [1]
  .text              ro code   0x800'301c     0x4  startup_stm32f40_41xxx.o [1]
  .text              ro code   0x800'3020     0x4  startup_stm32f40_41xxx.o [1]
  .text              ro code   0x800'3024     0x4  startup_stm32f40_41xxx.o [1]
  .text              ro code   0x800'3028     0x4  startup_stm32f40_41xxx.o [1]
  .text              ro code   0x800'302c     0x4  startup_stm32f40_41xxx.o [1]
  .text              ro code   0x800'3030     0x4  startup_stm32f40_41xxx.o [1]
  .text              ro code   0x800'3034     0x4  startup_stm32f40_41xxx.o [1]
  .text              ro code   0x800'3038     0x4  startup_stm32f40_41xxx.o [1]
  .text              ro code   0x800'303c     0x4  startup_stm32f40_41xxx.o [1]
  .text              ro code   0x800'3040     0x4  startup_stm32f40_41xxx.o [1]
  .text              ro code   0x800'3044     0x4  startup_stm32f40_41xxx.o [1]
  .text              ro code   0x800'3048     0x4  startup_stm32f40_41xxx.o [1]
  .text              ro code   0x800'304c     0x4  startup_stm32f40_41xxx.o [1]
  .text              ro code   0x800'3050     0x4  startup_stm32f40_41xxx.o [1]
  .text              ro code   0x800'3054     0x4  startup_stm32f40_41xxx.o [1]
  .text              ro code   0x800'3058     0x4  startup_stm32f40_41xxx.o [1]
  .text              ro code   0x800'305c     0x4  startup_stm32f40_41xxx.o [1]
  .text              ro code   0x800'3060     0x4  startup_stm32f40_41xxx.o [1]
  .text              ro code   0x800'3064     0x4  startup_stm32f40_41xxx.o [1]
  .text              ro code   0x800'3068     0x4  startup_stm32f40_41xxx.o [1]
  .text              ro code   0x800'306c     0x4  startup_stm32f40_41xxx.o [1]
  .text              ro code   0x800'3070     0x4  startup_stm32f40_41xxx.o [1]
  .text              ro code   0x800'3074     0x4  startup_stm32f40_41xxx.o [1]
  .text              ro code   0x800'3078     0x4  startup_stm32f40_41xxx.o [1]
  .text              ro code   0x800'307c     0x4  startup_stm32f40_41xxx.o [1]
  .text              ro code   0x800'3080     0x4  startup_stm32f40_41xxx.o [1]
  .text              ro code   0x800'3084     0x4  startup_stm32f40_41xxx.o [1]
  .text              ro code   0x800'3088     0x4  startup_stm32f40_41xxx.o [1]
  .text              ro code   0x800'308c     0x4  startup_stm32f40_41xxx.o [1]
  .text              ro code   0x800'3090     0x4  startup_stm32f40_41xxx.o [1]
  .text              ro code   0x800'3094     0x4  startup_stm32f40_41xxx.o [1]
  .text              ro code   0x800'3098     0x4  startup_stm32f40_41xxx.o [1]
  .text              ro code   0x800'309c     0x4  startup_stm32f40_41xxx.o [1]
  .text              ro code   0x800'30a0     0x4  startup_stm32f40_41xxx.o [1]
  .text              ro code   0x800'30a4     0x4  startup_stm32f40_41xxx.o [1]
  .text              ro code   0x800'30a8     0x4  startup_stm32f40_41xxx.o [1]
  .text              ro code   0x800'30ac     0x4  startup_stm32f40_41xxx.o [1]
  .text              ro code   0x800'30b0     0x4  startup_stm32f40_41xxx.o [1]
  .text              ro code   0x800'30b4     0x4  startup_stm32f40_41xxx.o [1]
  .text              ro code   0x800'30b8     0x4  startup_stm32f40_41xxx.o [1]
  .text              ro code   0x800'30bc     0x4  startup_stm32f40_41xxx.o [1]
  .text              ro code   0x800'30c0     0x4  startup_stm32f40_41xxx.o [1]
  .text              ro code   0x800'30c4     0x4  startup_stm32f40_41xxx.o [1]
  .text              ro code   0x800'30c8     0x4  startup_stm32f40_41xxx.o [1]
  .text              ro code   0x800'30cc     0x4  startup_stm32f40_41xxx.o [1]
  .text              ro code   0x800'30d0     0x4  startup_stm32f40_41xxx.o [1]
  .text              ro code   0x800'30d4     0x4  startup_stm32f40_41xxx.o [1]
  .rodata            const     0x800'30d8     0x0  zero_init3.o [7]
  .rodata            const     0x800'30d8     0x0  copy_init3.o [7]
  Initializer bytes  const     0x800'30d8    0x20  <for P4 s0>
                             - 0x800'30f8  0x2f70

"P4", part 1 of 3:                           0x20
  P4 s0                       0x2000'0000    0x20  <Init block>
    .data            inited   0x2000'0000    0x10  stm32f4xx_rcc.o [2]
    .data            inited   0x2000'0010     0x8  XShttio.o [5]
    .data            inited   0x2000'0018     0x4  system_stm32f4xx.o [1]
    .data            inited   0x2000'001c     0x1  USART.o [3]
                            - 0x2000'0020    0x20

"P4", part 2 of 3:                           0x90
  .bss               zero     0x2000'0020    0x1c  USART.o [3]
  .bss               zero     0x2000'003c    0x1c  USART.o [3]
  .bss               zero     0x2000'0058    0x14  main.o [4]
  .bss               zero     0x2000'006c    0x14  main.o [4]
  .bss               zero     0x2000'0080    0x10  Sys_Init.o [1]
  .bss               zero     0x2000'0090     0x8  USART.o [3]
  .bss               zero     0x2000'0098     0x8  USART.o [3]
  .bss               zero     0x2000'00a0     0x4  xfail_s.o [5]
  .bss               zero     0x2000'00a4     0x4  no_free_heap0.o [5]
  .bss               zero     0x2000'00a8     0x4  xgetmemchunk.o [5]
  .bss               zero     0x2000'00ac     0x2  main.o [4]
  .bss               zero     0x2000'00ae     0x2  main.o [4]
                            - 0x2000'00b0    0x90

"P4", part 3 of 3:                         0x4000
  CSTACK                      0x2000'00b0  0x2000  <Block>
    CSTACK           uninit   0x2000'00b0  0x2000  <Block tail>
  HEAP                        0x2000'20b0  0x2000  <Block>
    HEAP             uninit   0x2000'20b0  0x2000  <Block tail>
                            - 0x2000'40b0  0x4000

Unused ranges:

         From           To      Size
         ----           --      ----
   0x800'30f8   0x80f'ffff  0xf'cf08
  0x2000'40b0  0x2001'bfff  0x1'7f50
  0x2001'c000  0x2001'ffff    0x4000


*******************************************************************************
*** INIT TABLE
***

          Address      Size
          -------      ----
Zero (__iar_zero_init3)
    1 destination range, total size 0x90:
          0x2000'0020  0x90

Copy (__iar_copy_init3)
    1 source range, total size 0x20 (110% of destination):
           0x800'30d8  0x20
    1 destination range, total size 0x1d:
          0x2000'0000  0x1d



*******************************************************************************
*** MODULE SUMMARY
***

    Module                    ro code  ro data  rw data
    ------                    -------  -------  -------
command line/config:
    ---------------------------------------------------
    Total:

E:\IAR projects\STM32F4xx\USART\Debug\Obj\Config: [1]
    Sys_Init.o                    124                16
    startup_stm32f40_41xxx.o      764
    system_stm32f4xx.o            204       20        4
    ---------------------------------------------------
    Total:                      1'092       20       20

E:\IAR projects\STM32F4xx\USART\Debug\Obj\Libraries\STM32F4xx_StdPeriph_Driver\src: [2]
    stm32f4xx_flash.o              48
    stm32f4xx_gpio.o              300
    stm32f4xx_rcc.o               772       16       16
    stm32f4xx_usart.o             618
    ---------------------------------------------------
    Total:                      1'738       16       16

E:\IAR projects\STM32F4xx\USART\Debug\Obj\Libraries\USART: [3]
    USART.o                     1'200        1       73
    ---------------------------------------------------
    Total:                      1'200        1       73

E:\IAR projects\STM32F4xx\USART\Debug\Obj\Source: [4]
    Init.o                        164
    main.o                        176       56       44
    ---------------------------------------------------
    Total:                        340       56       44

dl7M_tln.a: [5]
    XShttio.o                       8        8        8
    abort.o                         6
    exit.o                          4
    low_level_init.o                4
    no_free_heap0.o               120                 4
    printf.o                       40
    putchar.o                      32
    xfail_s.o                      64                 4
    xgetmemchunk.o                 44                 4
    xprintffull_nomb.o          3'858
    xprout.o                       22
    xxmemxmemzero.o                18
    ---------------------------------------------------
    Total:                      4'220        8       20

m7M_tls.a: [6]
    DblAddSub.o                   590
    DblCmpGe.o                     52
    DblCmpLe.o                     52
    DblDiv.o                      582
    DblMul.o                      426
    DblToS32.o                     54
    DblToU32.o                     34
    S32ToDbl.o                     34
    U32ToDbl.o                     28
    fpinit_M.o                     34
    frexp.o                       112
    ldexp.o                       314
    ---------------------------------------------------
    Total:                      2'312

rt7M_tl.a: [7]
    ABImemcpy.o                   166
    ABImemset.o                   102
    I64DivMod.o                   560
    I64DivZer.o                     2
    cexit.o                        10
    cmain.o                        30
    copy_init3.o                   42
    cstartup_M.o                   28
    data_init.o                    40
    memchr.o                       88
    strchr.o                       22
    strlen.o                       54
    zero_init3.o                   56
    ---------------------------------------------------
    Total:                      1'200

shb_l.a: [8]
    dwrite.o                       30
    exit.o                         20
    iarttio.o                     124
    iarwrite.o                     34
    iarwstd.o                      32
    write.o                        16
    ---------------------------------------------------
    Total:                        256

    Gaps                           36        2
    Linker created                          39   16'384
-------------------------------------------------------
    Grand Total:               12'394      142   16'557


*******************************************************************************
*** ENTRY LIST
***

Entry                       Address   Size  Type      Object
-----                       -------   ----  ----      ------
.iar.init_table$$Base    0x800'2e20          --   Gb  - Linker created -
.iar.init_table$$Limit   0x800'2e44          --   Gb  - Linker created -
?main                    0x800'2eb5         Code  Gb  cmain.o [7]
AHBPrescTable            0x800'2f3c   0x10  Data  Gb  system_stm32f4xx.o [1]
APBAHBPrescTable        0x2000'0000   0x10  Data  Lc  stm32f4xx_rcc.o [2]
CSTACK$$Base            0x2000'00b0          --   Gb  - Linker created -
CSTACK$$Limit           0x2000'20b0          --   Gb  - Linker created -
FLASH_PrefetchBufferCmd
                         0x800'2d55   0x24  Code  Gb  stm32f4xx_flash.o [2]
FLASH_SetLatency         0x800'2d4d    0x8  Code  Gb  stm32f4xx_flash.o [2]
GPIO_Init                0x800'295d   0xca  Code  Gb  stm32f4xx_gpio.o [2]
GPIO_PinAFConfig         0x800'2a27   0x62  Code  Gb  stm32f4xx_gpio.o [2]
HEAP$$Base              0x2000'20b0          --   Gb  - Linker created -
HEAP$$Limit             0x2000'40b0          --   Gb  - Linker created -
IO_Init                  0x800'2c81   0xa4  Code  Gb  Init.o [4]
RCC_APB1PeriphResetCmd   0x800'2849   0x1c  Code  Gb  stm32f4xx_rcc.o [2]
RCC_APB2PeriphResetCmd   0x800'2865   0x1c  Code  Gb  stm32f4xx_rcc.o [2]
RCC_ClockSecuritySystemCmd
                         0x800'26e5    0xc  Code  Gb  stm32f4xx_rcc.o [2]
RCC_DeInit               0x800'2619   0x56  Code  Gb  stm32f4xx_rcc.o [2]
RCC_GetClocksFreq        0x800'2747  0x102  Code  Gb  stm32f4xx_rcc.o [2]
RCC_GetFlagStatus        0x800'2881   0x46  Code  Gb  stm32f4xx_rcc.o [2]
RCC_GetSYSCLKSource      0x800'2703    0xc  Code  Gb  stm32f4xx_rcc.o [2]
RCC_HCLKConfig           0x800'270f   0x12  Code  Gb  stm32f4xx_rcc.o [2]
RCC_HSEConfig            0x800'266f    0xc  Code  Gb  stm32f4xx_rcc.o [2]
RCC_PCLK1Config          0x800'2721   0x12  Code  Gb  stm32f4xx_rcc.o [2]
RCC_PCLK2Config          0x800'2733   0x14  Code  Gb  stm32f4xx_rcc.o [2]
RCC_PLLCmd               0x800'26d9    0xc  Code  Gb  stm32f4xx_rcc.o [2]
RCC_PLLConfig            0x800'26b7   0x22  Code  Gb  stm32f4xx_rcc.o [2]
RCC_SYSCLKConfig         0x800'26f1   0x12  Code  Gb  stm32f4xx_rcc.o [2]
RCC_WaitForHSEStartUp    0x800'267b   0x3c  Code  Gb  stm32f4xx_rcc.o [2]
Region$$Table$$Base      0x800'2e20          --   Gb  - Linker created -
Region$$Table$$Limit     0x800'2e44          --   Gb  - Linker created -
Sys_Init                 0x800'2c05   0x7c  Code  Gb  Sys_Init.o [1]
SystemCoreClock         0x2000'0018    0x4  Data  Gb  system_stm32f4xx.o [1]
SystemCoreClockUpdate    0x800'2a95   0xa2  Code  Gb  system_stm32f4xx.o [1]
SystemInit               0x800'2a89    0xc  Code  Gb  system_stm32f4xx.o [1]
USART1_Handle           0x2000'0090    0x8  Data  Gb  USART.o [3]
USART1_IRQHandler        0x800'227d    0xa  Code  Gb  USART.o [3]
USART1_struct           0x2000'0020   0x1c  Data  Gb  USART.o [3]
USART2_Handle           0x2000'0098    0x8  Data  Gb  USART.o [3]
USART2_IRQHandler        0x800'2287    0xa  Code  Gb  USART.o [3]
USART2_struct           0x2000'003c   0x1c  Data  Gb  USART.o [3]
USART_Cmd                0x800'24a9   0x1e  Code  Gb  stm32f4xx_usart.o [2]
USART_DeInit             0x800'22cd   0xdc  Code  Gb  stm32f4xx_usart.o [2]
USART_IRQHandler_Common
                         0x800'2159  0x124  Code  Gb  USART.o [3]
USART_ITConfig           0x800'24c7   0x70  Code  Gb  stm32f4xx_usart.o [2]
USART_Init               0x800'23a9   0xdc  Code  Gb  stm32f4xx_usart.o [2]
USART_Init_Common        0x800'1f6d  0x128  Code  Gb  USART.o [3]
USART_Receive            0x800'1f1f   0x4e  Code  Gb  USART.o [3]
USART_Receive_Common     0x800'20e3   0x76  Code  Gb  USART.o [3]
USART_Send               0x800'1ed1   0x4e  Code  Gb  USART.o [3]
USART_Send_Common        0x800'2095   0x4e  Code  Gb  USART.o [3]
USARTx_Init              0x800'1e3d   0x94  Code  Gb  USART.o [3]
USARTx_Init::firstInit  0x2000'001c    0x1  Data  Lc  USART.o [3]
_LitobFullNoMb           0x800'0ea1  0x10c  Code  Lc  xprintffull_nomb.o [5]
_PrintfFullNoMb          0x800'0189  0xce8  Code  Gb  xprintffull_nomb.o [5]
_Prout                   0x800'2f05   0x16  Code  Gb  xprout.o [5]
_PutcharFullNoMb         0x800'1005   0x20  Code  Lc  xprintffull_nomb.o [5]
_PutcharsFullNoMb        0x800'1025   0x2e  Code  Lc  xprintffull_nomb.o [5]
__NVIC_EnableIRQ         0x800'1e1d   0x20  Code  Lc  USART.o [3]
__aeabi_cdcmple          0x800'12c5         Code  Gb  DblCmpLe.o [6]
__aeabi_cdrcmple         0x800'12f9         Code  Gb  DblCmpGe.o [6]
__aeabi_d2iz             0x800'1469         Code  Gb  DblToS32.o [6]
__aeabi_d2uiz            0x800'195d         Code  Gb  DblToU32.o [6]
__aeabi_ddiv             0x800'1715         Code  Gb  DblDiv.o [6]
__aeabi_dmul             0x800'199d         Code  Gb  DblMul.o [6]
__aeabi_dsub             0x800'1631         Code  Gb  DblAddSub.o [6]
__aeabi_i2d              0x800'14a1         Code  Gb  S32ToDbl.o [6]
__aeabi_ldiv0            0x800'1d81         Code  Gb  I64DivZer.o [7]
__aeabi_memcpy           0x800'11ad         Code  Gb  ABImemcpy.o [7]
__aeabi_memcpy4          0x800'11cd         Code  Gb  ABImemcpy.o [7]
__aeabi_memcpy8          0x800'11cd         Code  Gb  ABImemcpy.o [7]
__aeabi_memset           0x800'25b1         Code  Gb  ABImemset.o [7]
__aeabi_ui2d             0x800'1981         Code  Gb  U32ToDbl.o [6]
__aeabi_uldivmod         0x800'1b49         Code  Gb  I64DivMod.o [7]
__cmain                  0x800'2eb5         Code  Gb  cmain.o [7]
__data_GetMemChunk       0x800'291d   0x2c  Code  Gb  xgetmemchunk.o [5]
__data_GetMemChunk::start
                        0x2000'00a8    0x4  Data  Lc  xgetmemchunk.o [5]
__data_memzero           0x800'2949   0x12  Code  Gb  xxmemxmemzero.o [5]
__dwrite                 0x800'2e75   0x1e  Code  Gb  dwrite.o [8]
__exit                   0x800'1d85   0x14  Code  Gb  exit.o [8]
__iar_Fail_s             0x800'10dd   0x1c  Code  Gb  xfail_s.o [5]
__iar_Memchr             0x800'1155         Code  Gb  memchr.o [7]
__iar_Memset             0x800'25b1         Code  Gb  ABImemset.o [7]
__iar_Memset_word        0x800'25b9         Code  Gb  ABImemset.o [7]
__iar_Strchr             0x800'10c5         Code  Gb  strchr.o [7]
__iar_close_ttio         0x800'1d99   0x2c  Code  Gb  iarttio.o [8]
__iar_copy_init3         0x800'109b   0x2a  Code  Gb  copy_init3.o [7]
__iar_data_init3         0x800'2db5   0x28  Code  Gb  data_init.o [7]
__iar_frexp              0x800'1261         Code  Gb  frexp.o [6]
__iar_frexpl             0x800'1261         Code  Gb  frexp.o [6]
__iar_get_ttio           0x800'1dc5   0x4c  Code  Gb  iarttio.o [8]
__iar_init_vfp           0x800'2ddd         Code  Gb  fpinit_M.o [6]
__iar_ldexp64            0x800'132d         Code  Gb  ldexp.o [6]
__iar_lookup_ttioh       0x800'1e15    0x8  Code  Gb  XShttio.o [5]
__iar_program_start      0x800'2ee9         Code  Gb  cstartup_M.o [7]
__iar_scalbln64          0x800'132d         Code  Gb  ldexp.o [6]
__iar_scalbn64           0x800'132d         Code  Gb  ldexp.o [6]
__iar_sh_stdout          0x800'2e93   0x20  Code  Gb  iarwstd.o [8]
__iar_sh_write           0x800'2dff   0x22  Code  Gb  iarwrite.o [8]
__iar_softfp___iar_frexp64
                         0x800'1255         Code  Gb  frexp.o [6]
__iar_softfp_frexp       0x800'1255         Code  Gb  frexp.o [6]
__iar_softfp_frexpl      0x800'1255         Code  Gb  frexp.o [6]
__iar_ttio_handles      0x2000'0010    0x8  Data  Lc  XShttio.o [5]
__iar_zero_init3         0x800'2d7d   0x38  Code  Gb  zero_init3.o [7]
__low_level_init         0x800'2ed3    0x4  Code  Gb  low_level_init.o [5]
__no_free_calloc         0x800'257f   0x2c  Code  Gb  no_free_heap0.o [5]
__no_free_malloc         0x800'2539   0x46  Code  Gb  no_free_heap0.o [5]
__vector_table           0x800'0000         Data  Gb  startup_stm32f40_41xxx.o [1]
__write                  0x800'2e65   0x10  Code  Gb  write.o [8]
_call_main               0x800'2ec1         Code  Gb  cmain.o [7]
_exit                    0x800'2edd         Code  Gb  cexit.o [7]
abort                    0x800'1d79    0x6  Code  Gb  abort.o [5]
buffRX1                 0x2000'0058   0x14  Data  Gb  main.o [4]
buffRX2                 0x2000'006c   0x14  Data  Gb  main.o [4]
exit                     0x800'2ed7    0x4  Code  Gb  exit.o [5]
ldexp                    0x800'132d         Code  Gb  ldexp.o [6]
ldexpl                   0x800'132d         Code  Gb  ldexp.o [6]
lengthRX1               0x2000'00ac    0x2  Data  Gb  main.o [4]
lengthRX2               0x2000'00ae    0x2  Data  Gb  main.o [4]
main                     0x800'2b55   0xb0  Code  Gb  main.o [4]
memchr                   0x800'1155         Code  Gb  memchr.o [7]
printf                   0x800'2d25   0x28  Code  Gb  printf.o [5]
putchar                  0x800'2e45   0x20  Code  Gb  putchar.o [5]
qs                      0x2000'00a4    0x4  Data  Lc  no_free_heap0.o [5]
rcc_clocks              0x2000'0080   0x10  Data  Gb  Sys_Init.o [1]
scalbln                  0x800'132d         Code  Gb  ldexp.o [6]
scalblnl                 0x800'132d         Code  Gb  ldexp.o [6]
scalbn                   0x800'132d         Code  Gb  ldexp.o [6]
scalbnl                  0x800'132d         Code  Gb  ldexp.o [6]
scale                    0x800'0fad   0x46  Code  Lc  xprintffull_nomb.o [5]
sec_hand                0x2000'00a0    0x4  Data  Lc  xfail_s.o [5]
strchr                   0x800'10c5         Code  Gb  strchr.o [7]
strlen                   0x800'111d         Code  Gb  strlen.o [7]


[1] = E:\IAR projects\STM32F4xx\USART\Debug\Obj\Config
[2] = E:\IAR projects\STM32F4xx\USART\Debug\Obj\Libraries\STM32F4xx_StdPeriph_Driver\src
[3] = E:\IAR projects\STM32F4xx\USART\Debug\Obj\Libraries\USART
[4] = E:\IAR projects\STM32F4xx\USART\Debug\Obj\Source
[5] = dl7M_tln.a
[6] = m7M_tls.a
[7] = rt7M_tl.a
[8] = shb_l.a

  12'394 bytes of readonly  code memory
     142 bytes of readonly  data memory
  16'557 bytes of readwrite data memory

Errors: none
Warnings: none
